
Design          Type    Object                  New Name
--------------------------------------------------------------------------------
fxp_sqrt        cell    it_next_reg[3]          it_next_reg_3_
fxp_sqrt        cell    it_next_reg[0]          it_next_reg_0_
fxp_sqrt        cell    it_next_reg[1]          it_next_reg_1_
fxp_sqrt        cell    it_next_reg[2]          it_next_reg_2_
fxp_sqrt        cell    it_reg[3]               it_reg_3_
fxp_sqrt        cell    ac_reg[16]              ac_reg_16_
fxp_sqrt        cell    x_reg[3]                x_reg_3_
fxp_sqrt        cell    x_reg[5]                x_reg_5_
fxp_sqrt        cell    x_reg[7]                x_reg_7_
fxp_sqrt        cell    x_reg[9]                x_reg_9_
fxp_sqrt        cell    x_reg[11]               x_reg_11_
fxp_sqrt        cell    x_reg[13]               x_reg_13_
fxp_sqrt        cell    x_reg[15]               x_reg_15_
fxp_sqrt        cell    x_reg[2]                x_reg_2_
fxp_sqrt        cell    x_reg[4]                x_reg_4_
fxp_sqrt        cell    x_reg[6]                x_reg_6_
fxp_sqrt        cell    x_reg[8]                x_reg_8_
fxp_sqrt        cell    x_reg[10]               x_reg_10_
fxp_sqrt        cell    x_reg[12]               x_reg_12_
fxp_sqrt        cell    x_reg[14]               x_reg_14_
fxp_sqrt        cell    root_reg[0]             root_reg_0_
fxp_sqrt        cell    rem_reg[0]              rem_reg_0_
fxp_sqrt        cell    root_reg[15]            root_reg_15_
fxp_sqrt        cell    root_reg[14]            root_reg_14_
fxp_sqrt        cell    root_reg[13]            root_reg_13_
fxp_sqrt        cell    root_reg[12]            root_reg_12_
fxp_sqrt        cell    root_reg[11]            root_reg_11_
fxp_sqrt        cell    root_reg[10]            root_reg_10_
fxp_sqrt        cell    root_reg[9]             root_reg_9_
fxp_sqrt        cell    root_reg[8]             root_reg_8_
fxp_sqrt        cell    root_reg[7]             root_reg_7_
fxp_sqrt        cell    root_reg[6]             root_reg_6_
fxp_sqrt        cell    root_reg[5]             root_reg_5_
fxp_sqrt        cell    root_reg[4]             root_reg_4_
fxp_sqrt        cell    root_reg[3]             root_reg_3_
fxp_sqrt        cell    root_reg[2]             root_reg_2_
fxp_sqrt        cell    root_reg[1]             root_reg_1_
fxp_sqrt        cell    rem_reg[15]             rem_reg_15_
fxp_sqrt        cell    rem_reg[13]             rem_reg_13_
fxp_sqrt        cell    rem_reg[11]             rem_reg_11_
fxp_sqrt        cell    rem_reg[9]              rem_reg_9_
fxp_sqrt        cell    rem_reg[7]              rem_reg_7_
fxp_sqrt        cell    rem_reg[5]              rem_reg_5_
fxp_sqrt        cell    rem_reg[3]              rem_reg_3_
fxp_sqrt        cell    rem_reg[1]              rem_reg_1_
fxp_sqrt        cell    rem_reg[14]             rem_reg_14_
fxp_sqrt        cell    rem_reg[12]             rem_reg_12_
fxp_sqrt        cell    rem_reg[10]             rem_reg_10_
fxp_sqrt        cell    rem_reg[8]              rem_reg_8_
fxp_sqrt        cell    rem_reg[6]              rem_reg_6_
fxp_sqrt        cell    rem_reg[4]              rem_reg_4_
fxp_sqrt        cell    rem_reg[2]              rem_reg_2_
fxp_sqrt        cell    ac_reg[3]               ac_reg_3_
fxp_sqrt        cell    ac_reg[5]               ac_reg_5_
fxp_sqrt        cell    ac_reg[7]               ac_reg_7_
fxp_sqrt        cell    ac_reg[9]               ac_reg_9_
fxp_sqrt        cell    ac_reg[11]              ac_reg_11_
fxp_sqrt        cell    ac_reg[13]              ac_reg_13_
fxp_sqrt        cell    ac_reg[15]              ac_reg_15_
fxp_sqrt        cell    ac_reg[2]               ac_reg_2_
fxp_sqrt        cell    ac_reg[4]               ac_reg_4_
fxp_sqrt        cell    ac_reg[6]               ac_reg_6_
fxp_sqrt        cell    ac_reg[8]               ac_reg_8_
fxp_sqrt        cell    ac_reg[10]              ac_reg_10_
fxp_sqrt        cell    ac_reg[12]              ac_reg_12_
fxp_sqrt        cell    ac_reg[14]              ac_reg_14_
fxp_sqrt        cell    it_reg[2]               it_reg_2_
fxp_sqrt        cell    it_reg[0]               it_reg_0_
fxp_sqrt        cell    q_reg[15]               q_reg_15_
fxp_sqrt        cell    ac_reg[17]              ac_reg_17_
fxp_sqrt        cell    it_reg[1]               it_reg_1_
fxp_sqrt        cell    ac_reg[0]               ac_reg_0_
fxp_sqrt        cell    q_reg[14]               q_reg_14_
fxp_sqrt        cell    ac_reg[1]               ac_reg_1_
fxp_sqrt        cell    q_reg[0]                q_reg_0_
fxp_sqrt        cell    q_reg[1]                q_reg_1_
fxp_sqrt        cell    q_reg[2]                q_reg_2_
fxp_sqrt        cell    q_reg[3]                q_reg_3_
fxp_sqrt        cell    q_reg[4]                q_reg_4_
fxp_sqrt        cell    q_reg[5]                q_reg_5_
fxp_sqrt        cell    q_reg[6]                q_reg_6_
fxp_sqrt        cell    q_reg[7]                q_reg_7_
fxp_sqrt        cell    q_reg[8]                q_reg_8_
fxp_sqrt        cell    q_reg[9]                q_reg_9_
fxp_sqrt        cell    q_reg[10]               q_reg_10_
fxp_sqrt        cell    q_reg[11]               q_reg_11_
fxp_sqrt        cell    q_reg[12]               q_reg_12_
fxp_sqrt        cell    q_reg[13]               q_reg_13_
fxp_sqrt        net     n66                     n660
fxp_sqrt        net     n67                     n670
fxp_sqrt        net     n68                     n680
fxp_sqrt        net     n69                     n690
fxp_sqrt        net     n107                    n1070
fxp_sqrt        net     n108                    n1080
fxp_sqrt        net     n109                    n1090
fxp_sqrt        net     n110                    n1100
fxp_sqrt        net     n111                    n1110
fxp_sqrt        net     n112                    n1120
fxp_sqrt        net     n113                    n1130
fxp_sqrt        net     n114                    n1140
fxp_sqrt        net     n115                    n1150
fxp_sqrt        net     n116                    n1160
fxp_sqrt        net     n117                    n1170
fxp_sqrt        net     n118                    n1180
fxp_sqrt        net     n119                    n1190
fxp_sqrt        net     n120                    n1200
fxp_sqrt        net     n124                    n1240
fxp_sqrt        net     n125                    n1250
fxp_sqrt        net     n126                    n1260
fxp_sqrt        net     n127                    n1270
fxp_sqrt        net     n130                    n1300
fxp_sqrt        net     n131                    n1310
fxp_sqrt        net     n132                    n1320
fxp_sqrt        net     n133                    n1330
fxp_sqrt        net     n134                    n1340
fxp_sqrt        net     n135                    n1350
fxp_sqrt        net     n136                    n1360
fxp_sqrt        net     n137                    n1370
fxp_sqrt        net     n139                    n1390
fxp_sqrt        net     n140                    n1400
fxp_sqrt        net     n141                    n1410
fxp_sqrt        net     n142                    n1420
fxp_sqrt        net     n143                    n1430
fxp_sqrt        net     n144                    n1440
fxp_sqrt        net     n145                    n1450
fxp_sqrt        net     n146                    n1460
fxp_sqrt        net     n147                    n1470
fxp_sqrt        net     n148                    n1480
fxp_sqrt        net     n149                    n1490
fxp_sqrt        net     n150                    n1500
fxp_sqrt        net     n151                    n1510
fxp_sqrt        net     n152                    n1520
fxp_sqrt        net     n153                    n1530
fxp_sqrt        net     n154                    n1540
fxp_sqrt        net     n155                    n1550
fxp_sqrt        net     n156                    n1560
fxp_sqrt        net     n157                    n1570
fxp_sqrt        net     n158                    n1580
1
