
Design          Type    Object                  New Name
--------------------------------------------------------------------------------
fxp_div         cell    bu_r_reg[14]            bu_r_reg_14_
fxp_div         cell    bu_r_reg[13]            bu_r_reg_13_
fxp_div         cell    bu_r_reg[12]            bu_r_reg_12_
fxp_div         cell    bu_r_reg[11]            bu_r_reg_11_
fxp_div         cell    bu_r_reg[10]            bu_r_reg_10_
fxp_div         cell    bu_r_reg[9]             bu_r_reg_9_
fxp_div         cell    bu_r_reg[8]             bu_r_reg_8_
fxp_div         cell    bu_r_reg[7]             bu_r_reg_7_
fxp_div         cell    bu_r_reg[6]             bu_r_reg_6_
fxp_div         cell    bu_r_reg[5]             bu_r_reg_5_
fxp_div         cell    bu_r_reg[4]             bu_r_reg_4_
fxp_div         cell    bu_r_reg[3]             bu_r_reg_3_
fxp_div         cell    bu_r_reg[2]             bu_r_reg_2_
fxp_div         cell    bu_r_reg[1]             bu_r_reg_1_
fxp_div         cell    bu_r_reg[0]             bu_r_reg_0_
fxp_div         cell    au_r_reg[0]             au_r_reg_0_
fxp_div         cell    au_r_reg[14]            au_r_reg_14_
fxp_div         cell    au_r_reg[13]            au_r_reg_13_
fxp_div         cell    au_r_reg[12]            au_r_reg_12_
fxp_div         cell    au_r_reg[11]            au_r_reg_11_
fxp_div         cell    au_r_reg[10]            au_r_reg_10_
fxp_div         cell    au_r_reg[9]             au_r_reg_9_
fxp_div         cell    au_r_reg[8]             au_r_reg_8_
fxp_div         cell    au_r_reg[7]             au_r_reg_7_
fxp_div         cell    au_r_reg[6]             au_r_reg_6_
fxp_div         cell    au_r_reg[5]             au_r_reg_5_
fxp_div         cell    au_r_reg[4]             au_r_reg_4_
fxp_div         cell    au_r_reg[3]             au_r_reg_3_
fxp_div         cell    au_r_reg[2]             au_r_reg_2_
fxp_div         cell    au_r_reg[1]             au_r_reg_1_
fxp_div         cell    quo_r_reg[2]            quo_r_reg_2_
fxp_div         cell    quo_r_reg[3]            quo_r_reg_3_
fxp_div         cell    quo_r_reg[4]            quo_r_reg_4_
fxp_div         cell    quo_r_reg[5]            quo_r_reg_5_
fxp_div         cell    quo_r_reg[6]            quo_r_reg_6_
fxp_div         cell    quo_r_reg[7]            quo_r_reg_7_
fxp_div         cell    quo_r_reg[8]            quo_r_reg_8_
fxp_div         cell    state_r_reg[1]          state_r_reg_1_
fxp_div         cell    count_r_reg[4]          count_r_reg_4_
fxp_div         cell    state_r_reg[0]          state_r_reg_0_
fxp_div         cell    state_r_reg[2]          state_r_reg_2_
fxp_div         cell    count_r_reg[5]          count_r_reg_5_
fxp_div         cell    count_r_reg[0]          count_r_reg_0_
fxp_div         cell    count_r_reg[1]          count_r_reg_1_
fxp_div         cell    count_r_reg[2]          count_r_reg_2_
fxp_div         cell    count_r_reg[3]          count_r_reg_3_
fxp_div         cell    quo_r_reg[0]            quo_r_reg_0_
fxp_div         cell    quo_r_reg[1]            quo_r_reg_1_
fxp_div         cell    quo_r_reg[9]            quo_r_reg_9_
fxp_div         cell    quo_r_reg[10]           quo_r_reg_10_
fxp_div         cell    quo_r_reg[11]           quo_r_reg_11_
fxp_div         cell    quo_r_reg[12]           quo_r_reg_12_
fxp_div         cell    quo_r_reg[13]           quo_r_reg_13_
fxp_div         cell    quo_r_reg[14]           quo_r_reg_14_
fxp_div         cell    acc_r_reg[0]            acc_r_reg_0_
fxp_div         cell    acc_r_reg[1]            acc_r_reg_1_
fxp_div         cell    acc_r_reg[2]            acc_r_reg_2_
fxp_div         cell    acc_r_reg[3]            acc_r_reg_3_
fxp_div         cell    acc_r_reg[4]            acc_r_reg_4_
fxp_div         cell    acc_r_reg[5]            acc_r_reg_5_
fxp_div         cell    acc_r_reg[6]            acc_r_reg_6_
fxp_div         cell    acc_r_reg[7]            acc_r_reg_7_
fxp_div         cell    acc_r_reg[8]            acc_r_reg_8_
fxp_div         cell    acc_r_reg[9]            acc_r_reg_9_
fxp_div         cell    acc_r_reg[10]           acc_r_reg_10_
fxp_div         cell    acc_r_reg[11]           acc_r_reg_11_
fxp_div         cell    acc_r_reg[12]           acc_r_reg_12_
fxp_div         cell    acc_r_reg[13]           acc_r_reg_13_
fxp_div         cell    acc_r_reg[14]           acc_r_reg_14_
fxp_div         cell    acc_r_reg[15]           acc_r_reg_15_
fxp_div         cell    val_r_reg[15]           val_r_reg_15_
fxp_div         cell    val_r_reg[0]            val_r_reg_0_
fxp_div         cell    val_r_reg[1]            val_r_reg_1_
fxp_div         cell    val_r_reg[2]            val_r_reg_2_
fxp_div         cell    val_r_reg[3]            val_r_reg_3_
fxp_div         cell    val_r_reg[4]            val_r_reg_4_
fxp_div         cell    val_r_reg[5]            val_r_reg_5_
fxp_div         cell    val_r_reg[6]            val_r_reg_6_
fxp_div         cell    val_r_reg[7]            val_r_reg_7_
fxp_div         cell    val_r_reg[8]            val_r_reg_8_
fxp_div         cell    val_r_reg[9]            val_r_reg_9_
fxp_div         cell    val_r_reg[10]           val_r_reg_10_
fxp_div         cell    val_r_reg[11]           val_r_reg_11_
fxp_div         cell    val_r_reg[12]           val_r_reg_12_
fxp_div         cell    val_r_reg[13]           val_r_reg_13_
fxp_div         cell    val_r_reg[14]           val_r_reg_14_
fxp_div         net     next_state[0]           next_state_0_
fxp_div         net     N110                    a[0]
fxp_div         net     N140                    b[0]
1
