
Design          Type    Object                  New Name
--------------------------------------------------------------------------------
rms             port    input_arr[3][15]        input_arr[63]
rms             port    input_arr[3][14]        input_arr[62]
rms             port    input_arr[3][13]        input_arr[61]
rms             port    input_arr[3][12]        input_arr[60]
rms             port    input_arr[3][11]        input_arr[59]
rms             port    input_arr[3][10]        input_arr[58]
rms             port    input_arr[3][9]         input_arr[57]
rms             port    input_arr[3][8]         input_arr[56]
rms             port    input_arr[3][7]         input_arr[55]
rms             port    input_arr[3][6]         input_arr[54]
rms             port    input_arr[3][5]         input_arr[53]
rms             port    input_arr[3][4]         input_arr[52]
rms             port    input_arr[3][3]         input_arr[51]
rms             port    input_arr[3][2]         input_arr[50]
rms             port    input_arr[3][1]         input_arr[49]
rms             port    input_arr[3][0]         input_arr[48]
rms             port    input_arr[2][15]        input_arr[47]
rms             port    input_arr[2][14]        input_arr[46]
rms             port    input_arr[2][13]        input_arr[45]
rms             port    input_arr[2][12]        input_arr[44]
rms             port    input_arr[2][11]        input_arr[43]
rms             port    input_arr[2][10]        input_arr[42]
rms             port    input_arr[2][9]         input_arr[41]
rms             port    input_arr[2][8]         input_arr[40]
rms             port    input_arr[2][7]         input_arr[39]
rms             port    input_arr[2][6]         input_arr[38]
rms             port    input_arr[2][5]         input_arr[37]
rms             port    input_arr[2][4]         input_arr[36]
rms             port    input_arr[2][3]         input_arr[35]
rms             port    input_arr[2][2]         input_arr[34]
rms             port    input_arr[2][1]         input_arr[33]
rms             port    input_arr[2][0]         input_arr[32]
rms             port    input_arr[1][15]        input_arr[31]
rms             port    input_arr[1][14]        input_arr[30]
rms             port    input_arr[1][13]        input_arr[29]
rms             port    input_arr[1][12]        input_arr[28]
rms             port    input_arr[1][11]        input_arr[27]
rms             port    input_arr[1][10]        input_arr[26]
rms             port    input_arr[1][9]         input_arr[25]
rms             port    input_arr[1][8]         input_arr[24]
rms             port    input_arr[1][7]         input_arr[23]
rms             port    input_arr[1][6]         input_arr[22]
rms             port    input_arr[1][5]         input_arr[21]
rms             port    input_arr[1][4]         input_arr[20]
rms             port    input_arr[1][3]         input_arr[19]
rms             port    input_arr[1][2]         input_arr[18]
rms             port    input_arr[1][1]         input_arr[17]
rms             port    input_arr[1][0]         input_arr[16]
rms             port    input_arr[0][15]        input_arr[15]
rms             port    input_arr[0][14]        input_arr[14]
rms             port    input_arr[0][13]        input_arr[13]
rms             port    input_arr[0][12]        input_arr[12]
rms             port    input_arr[0][11]        input_arr[11]
rms             port    input_arr[0][10]        input_arr[10]
rms             port    input_arr[0][9]         input_arr[9]
rms             port    input_arr[0][8]         input_arr[8]
rms             port    input_arr[0][7]         input_arr[7]
rms             port    input_arr[0][6]         input_arr[6]
rms             port    input_arr[0][5]         input_arr[5]
rms             port    input_arr[0][4]         input_arr[4]
rms             port    input_arr[0][3]         input_arr[3]
rms             port    input_arr[0][2]         input_arr[2]
rms             port    input_arr[0][1]         input_arr[1]
rms             port    input_arr[0][0]         input_arr[0]
rms             cell    vec_square_reg[3][15]   vec_square_reg_3__15_
rms             cell    vec_square_reg[3][14]   vec_square_reg_3__14_
rms             cell    vec_square_reg[3][13]   vec_square_reg_3__13_
rms             cell    vec_square_reg[3][12]   vec_square_reg_3__12_
rms             cell    vec_square_reg[3][11]   vec_square_reg_3__11_
rms             cell    vec_square_reg[3][10]   vec_square_reg_3__10_
rms             cell    vec_square_reg[3][9]    vec_square_reg_3__9_
rms             cell    vec_square_reg[3][8]    vec_square_reg_3__8_
rms             cell    vec_square_reg[3][7]    vec_square_reg_3__7_
rms             cell    vec_square_reg[3][6]    vec_square_reg_3__6_
rms             cell    vec_square_reg[3][5]    vec_square_reg_3__5_
rms             cell    vec_square_reg[3][4]    vec_square_reg_3__4_
rms             cell    vec_square_reg[3][3]    vec_square_reg_3__3_
rms             cell    vec_square_reg[3][2]    vec_square_reg_3__2_
rms             cell    vec_square_reg[3][1]    vec_square_reg_3__1_
rms             cell    vec_square_reg[3][0]    vec_square_reg_3__0_
rms             cell    vec_square_reg[2][15]   vec_square_reg_2__15_
rms             cell    vec_square_reg[2][14]   vec_square_reg_2__14_
rms             cell    vec_square_reg[2][13]   vec_square_reg_2__13_
rms             cell    vec_square_reg[2][12]   vec_square_reg_2__12_
rms             cell    vec_square_reg[2][11]   vec_square_reg_2__11_
rms             cell    vec_square_reg[2][10]   vec_square_reg_2__10_
rms             cell    vec_square_reg[2][9]    vec_square_reg_2__9_
rms             cell    vec_square_reg[2][8]    vec_square_reg_2__8_
rms             cell    vec_square_reg[2][7]    vec_square_reg_2__7_
rms             cell    vec_square_reg[2][6]    vec_square_reg_2__6_
rms             cell    vec_square_reg[2][5]    vec_square_reg_2__5_
rms             cell    vec_square_reg[2][4]    vec_square_reg_2__4_
rms             cell    vec_square_reg[2][3]    vec_square_reg_2__3_
rms             cell    vec_square_reg[2][2]    vec_square_reg_2__2_
rms             cell    vec_square_reg[2][1]    vec_square_reg_2__1_
rms             cell    vec_square_reg[2][0]    vec_square_reg_2__0_
rms             cell    vec_square_reg[1][15]   vec_square_reg_1__15_
rms             cell    vec_square_reg[1][14]   vec_square_reg_1__14_
rms             cell    vec_square_reg[1][13]   vec_square_reg_1__13_
rms             cell    vec_square_reg[1][12]   vec_square_reg_1__12_
rms             cell    vec_square_reg[1][11]   vec_square_reg_1__11_
rms             cell    vec_square_reg[1][10]   vec_square_reg_1__10_
rms             cell    vec_square_reg[1][9]    vec_square_reg_1__9_
rms             cell    vec_square_reg[1][8]    vec_square_reg_1__8_
rms             cell    vec_square_reg[1][7]    vec_square_reg_1__7_
rms             cell    vec_square_reg[1][6]    vec_square_reg_1__6_
rms             cell    vec_square_reg[1][5]    vec_square_reg_1__5_
rms             cell    vec_square_reg[1][4]    vec_square_reg_1__4_
rms             cell    vec_square_reg[1][3]    vec_square_reg_1__3_
rms             cell    vec_square_reg[1][2]    vec_square_reg_1__2_
rms             cell    vec_square_reg[1][1]    vec_square_reg_1__1_
rms             cell    vec_square_reg[1][0]    vec_square_reg_1__0_
rms             cell    vec_square_reg[0][15]   vec_square_reg_0__15_
rms             cell    vec_square_reg[0][14]   vec_square_reg_0__14_
rms             cell    vec_square_reg[0][13]   vec_square_reg_0__13_
rms             cell    vec_square_reg[0][12]   vec_square_reg_0__12_
rms             cell    vec_square_reg[0][11]   vec_square_reg_0__11_
rms             cell    vec_square_reg[0][10]   vec_square_reg_0__10_
rms             cell    vec_square_reg[0][9]    vec_square_reg_0__9_
rms             cell    vec_square_reg[0][8]    vec_square_reg_0__8_
rms             cell    vec_square_reg[0][7]    vec_square_reg_0__7_
rms             cell    vec_square_reg[0][6]    vec_square_reg_0__6_
rms             cell    vec_square_reg[0][5]    vec_square_reg_0__5_
rms             cell    vec_square_reg[0][4]    vec_square_reg_0__4_
rms             cell    vec_square_reg[0][3]    vec_square_reg_0__3_
rms             cell    vec_square_reg[0][2]    vec_square_reg_0__2_
rms             cell    vec_square_reg[0][1]    vec_square_reg_0__1_
rms             cell    vec_square_reg[0][0]    vec_square_reg_0__0_
rms             cell    vec_mean_reg[15]        vec_mean_reg_15_
rms             cell    vec_mean_reg[14]        vec_mean_reg_14_
rms             cell    vec_mean_reg[13]        vec_mean_reg_13_
rms             cell    vec_mean_reg[12]        vec_mean_reg_12_
rms             cell    vec_mean_reg[11]        vec_mean_reg_11_
rms             cell    vec_mean_reg[10]        vec_mean_reg_10_
rms             cell    vec_mean_reg[9]         vec_mean_reg_9_
rms             cell    vec_mean_reg[8]         vec_mean_reg_8_
rms             cell    vec_mean_reg[7]         vec_mean_reg_7_
rms             cell    vec_mean_reg[6]         vec_mean_reg_6_
rms             cell    vec_mean_reg[5]         vec_mean_reg_5_
rms             cell    vec_mean_reg[4]         vec_mean_reg_4_
rms             cell    vec_mean_reg[3]         vec_mean_reg_3_
rms             cell    vec_mean_reg[2]         vec_mean_reg_2_
rms             cell    vec_mean_reg[1]         vec_mean_reg_1_
rms             cell    vec_mean_reg[0]         vec_mean_reg_0_
rms             cell    fxp_sqrt0/it_next_reg[3]
                                                fxp_sqrt0_it_next_reg_3_
rms             cell    fxp_sqrt0/it_next_reg[0]
                                                fxp_sqrt0_it_next_reg_0_
rms             cell    fxp_sqrt0/it_next_reg[1]
                                                fxp_sqrt0_it_next_reg_1_
rms             cell    fxp_sqrt0/it_next_reg[2]
                                                fxp_sqrt0_it_next_reg_2_
rms             cell    fxp_sqrt0/q_reg[1]      fxp_sqrt0_q_reg_1_
rms             cell    fxp_sqrt0/q_reg[0]      fxp_sqrt0_q_reg_0_
rms             cell    fxp_sqrt0/x_reg[2]      fxp_sqrt0_x_reg_2_
rms             cell    fxp_sqrt0/x_reg[3]      fxp_sqrt0_x_reg_3_
rms             cell    fxp_sqrt0/x_reg[4]      fxp_sqrt0_x_reg_4_
rms             cell    fxp_sqrt0/x_reg[5]      fxp_sqrt0_x_reg_5_
rms             cell    fxp_sqrt0/x_reg[6]      fxp_sqrt0_x_reg_6_
rms             cell    fxp_sqrt0/x_reg[7]      fxp_sqrt0_x_reg_7_
rms             cell    fxp_sqrt0/x_reg[8]      fxp_sqrt0_x_reg_8_
rms             cell    fxp_sqrt0/x_reg[9]      fxp_sqrt0_x_reg_9_
rms             cell    fxp_sqrt0/x_reg[10]     fxp_sqrt0_x_reg_10_
rms             cell    fxp_sqrt0/x_reg[11]     fxp_sqrt0_x_reg_11_
rms             cell    fxp_sqrt0/x_reg[12]     fxp_sqrt0_x_reg_12_
rms             cell    fxp_sqrt0/x_reg[13]     fxp_sqrt0_x_reg_13_
rms             cell    fxp_sqrt0/x_reg[14]     fxp_sqrt0_x_reg_14_
rms             cell    fxp_sqrt0/x_reg[15]     fxp_sqrt0_x_reg_15_
rms             cell    fxp_sqrt0/valid_reg     fxp_sqrt0_valid_reg
rms             cell    fxp_sqrt0/root_reg[15]  fxp_sqrt0_root_reg_15_
rms             cell    fxp_sqrt0/root_reg[0]   fxp_sqrt0_root_reg_0_
rms             cell    fxp_sqrt0/root_reg[1]   fxp_sqrt0_root_reg_1_
rms             cell    fxp_sqrt0/root_reg[2]   fxp_sqrt0_root_reg_2_
rms             cell    fxp_sqrt0/root_reg[3]   fxp_sqrt0_root_reg_3_
rms             cell    fxp_sqrt0/root_reg[4]   fxp_sqrt0_root_reg_4_
rms             cell    fxp_sqrt0/root_reg[5]   fxp_sqrt0_root_reg_5_
rms             cell    fxp_sqrt0/root_reg[6]   fxp_sqrt0_root_reg_6_
rms             cell    fxp_sqrt0/root_reg[7]   fxp_sqrt0_root_reg_7_
rms             cell    fxp_sqrt0/root_reg[8]   fxp_sqrt0_root_reg_8_
rms             cell    fxp_sqrt0/root_reg[9]   fxp_sqrt0_root_reg_9_
rms             cell    fxp_sqrt0/root_reg[10]  fxp_sqrt0_root_reg_10_
rms             cell    fxp_sqrt0/root_reg[11]  fxp_sqrt0_root_reg_11_
rms             cell    fxp_sqrt0/root_reg[12]  fxp_sqrt0_root_reg_12_
rms             cell    fxp_sqrt0/root_reg[13]  fxp_sqrt0_root_reg_13_
rms             cell    fxp_sqrt0/root_reg[14]  fxp_sqrt0_root_reg_14_
rms             cell    fxp_sqrt0/it_reg[3]     fxp_sqrt0_it_reg_3_
rms             cell    fxp_sqrt0/ac_reg[16]    fxp_sqrt0_ac_reg_16_
rms             cell    fxp_sqrt0/q_reg[14]     fxp_sqrt0_q_reg_14_
rms             cell    fxp_sqrt0/ac_reg[1]     fxp_sqrt0_ac_reg_1_
rms             cell    fxp_sqrt0/it_reg[2]     fxp_sqrt0_it_reg_2_
rms             cell    fxp_sqrt0/q_reg[15]     fxp_sqrt0_q_reg_15_
rms             cell    fxp_sqrt0/busy_reg      fxp_sqrt0_busy_reg
rms             cell    fxp_sqrt0/q_reg[2]      fxp_sqrt0_q_reg_2_
rms             cell    fxp_sqrt0/q_reg[3]      fxp_sqrt0_q_reg_3_
rms             cell    fxp_sqrt0/q_reg[4]      fxp_sqrt0_q_reg_4_
rms             cell    fxp_sqrt0/q_reg[5]      fxp_sqrt0_q_reg_5_
rms             cell    fxp_sqrt0/q_reg[6]      fxp_sqrt0_q_reg_6_
rms             cell    fxp_sqrt0/q_reg[7]      fxp_sqrt0_q_reg_7_
rms             cell    fxp_sqrt0/q_reg[8]      fxp_sqrt0_q_reg_8_
rms             cell    fxp_sqrt0/q_reg[9]      fxp_sqrt0_q_reg_9_
rms             cell    fxp_sqrt0/q_reg[10]     fxp_sqrt0_q_reg_10_
rms             cell    fxp_sqrt0/q_reg[11]     fxp_sqrt0_q_reg_11_
rms             cell    fxp_sqrt0/q_reg[12]     fxp_sqrt0_q_reg_12_
rms             cell    fxp_sqrt0/q_reg[13]     fxp_sqrt0_q_reg_13_
rms             cell    fxp_sqrt0/it_reg[0]     fxp_sqrt0_it_reg_0_
rms             cell    fxp_sqrt0/ac_reg[0]     fxp_sqrt0_ac_reg_0_
rms             cell    fxp_sqrt0/ac_reg[17]    fxp_sqrt0_ac_reg_17_
rms             cell    fxp_sqrt0/it_reg[1]     fxp_sqrt0_it_reg_1_
rms             cell    fxp_sqrt0/ac_reg[4]     fxp_sqrt0_ac_reg_4_
rms             cell    fxp_sqrt0/ac_reg[6]     fxp_sqrt0_ac_reg_6_
rms             cell    fxp_sqrt0/ac_reg[8]     fxp_sqrt0_ac_reg_8_
rms             cell    fxp_sqrt0/ac_reg[10]    fxp_sqrt0_ac_reg_10_
rms             cell    fxp_sqrt0/ac_reg[12]    fxp_sqrt0_ac_reg_12_
rms             cell    fxp_sqrt0/ac_reg[14]    fxp_sqrt0_ac_reg_14_
rms             cell    fxp_sqrt0/ac_reg[3]     fxp_sqrt0_ac_reg_3_
rms             cell    fxp_sqrt0/ac_reg[5]     fxp_sqrt0_ac_reg_5_
rms             cell    fxp_sqrt0/ac_reg[7]     fxp_sqrt0_ac_reg_7_
rms             cell    fxp_sqrt0/ac_reg[9]     fxp_sqrt0_ac_reg_9_
rms             cell    fxp_sqrt0/ac_reg[11]    fxp_sqrt0_ac_reg_11_
rms             cell    fxp_sqrt0/ac_reg[13]    fxp_sqrt0_ac_reg_13_
rms             cell    fxp_sqrt0/ac_reg[15]    fxp_sqrt0_ac_reg_15_
rms             cell    fxp_sqrt0/ac_reg[2]     fxp_sqrt0_ac_reg_2_
rms             net     input_arr[3][15]        input_arr[63]
rms             net     input_arr[3][14]        input_arr[62]
rms             net     input_arr[3][13]        input_arr[61]
rms             net     input_arr[3][12]        input_arr[60]
rms             net     input_arr[3][11]        input_arr[59]
rms             net     input_arr[3][10]        input_arr[58]
rms             net     input_arr[3][9]         input_arr[57]
rms             net     input_arr[3][8]         input_arr[56]
rms             net     input_arr[3][7]         input_arr[55]
rms             net     input_arr[3][6]         input_arr[54]
rms             net     input_arr[3][5]         input_arr[53]
rms             net     input_arr[3][4]         input_arr[52]
rms             net     input_arr[3][3]         input_arr[51]
rms             net     input_arr[3][2]         input_arr[50]
rms             net     input_arr[3][1]         input_arr[49]
rms             net     input_arr[3][0]         input_arr[48]
rms             net     input_arr[2][15]        input_arr[47]
rms             net     input_arr[2][14]        input_arr[46]
rms             net     input_arr[2][13]        input_arr[45]
rms             net     input_arr[2][12]        input_arr[44]
rms             net     input_arr[2][11]        input_arr[43]
rms             net     input_arr[2][10]        input_arr[42]
rms             net     input_arr[2][9]         input_arr[41]
rms             net     input_arr[2][8]         input_arr[40]
rms             net     input_arr[2][7]         input_arr[39]
rms             net     input_arr[2][6]         input_arr[38]
rms             net     input_arr[2][5]         input_arr[37]
rms             net     input_arr[2][4]         input_arr[36]
rms             net     input_arr[2][3]         input_arr[35]
rms             net     input_arr[2][2]         input_arr[34]
rms             net     input_arr[2][1]         input_arr[33]
rms             net     input_arr[2][0]         input_arr[32]
rms             net     input_arr[1][15]        input_arr[31]
rms             net     input_arr[1][14]        input_arr[30]
rms             net     input_arr[1][13]        input_arr[29]
rms             net     input_arr[1][12]        input_arr[28]
rms             net     input_arr[1][11]        input_arr[27]
rms             net     input_arr[1][10]        input_arr[26]
rms             net     input_arr[1][9]         input_arr[25]
rms             net     input_arr[1][8]         input_arr[24]
rms             net     input_arr[1][7]         input_arr[23]
rms             net     input_arr[1][6]         input_arr[22]
rms             net     input_arr[1][5]         input_arr[21]
rms             net     input_arr[1][4]         input_arr[20]
rms             net     input_arr[1][3]         input_arr[19]
rms             net     input_arr[1][2]         input_arr[18]
rms             net     input_arr[1][1]         input_arr[17]
rms             net     input_arr[1][0]         input_arr[16]
rms             net     input_arr[0][15]        input_arr[15]
rms             net     input_arr[0][14]        input_arr[14]
rms             net     input_arr[0][13]        input_arr[13]
rms             net     input_arr[0][12]        input_arr[12]
rms             net     input_arr[0][11]        input_arr[11]
rms             net     input_arr[0][10]        input_arr[10]
rms             net     input_arr[0][9]         input_arr[9]
rms             net     input_arr[0][8]         input_arr[8]
rms             net     input_arr[0][7]         input_arr[7]
rms             net     input_arr[0][6]         input_arr[6]
rms             net     input_arr[0][5]         input_arr[5]
rms             net     input_arr[0][4]         input_arr[4]
rms             net     input_arr[0][3]         input_arr[3]
rms             net     input_arr[0][2]         input_arr[2]
rms             net     input_arr[0][1]         input_arr[1]
rms             net     input_arr[0][0]         input_arr[0]
rms             net     vec_square[3][15]       vec_square[63]
rms             net     vec_square[3][14]       vec_square[62]
rms             net     vec_square[3][13]       vec_square[61]
rms             net     vec_square[3][12]       vec_square[60]
rms             net     vec_square[3][11]       vec_square[59]
rms             net     vec_square[3][10]       vec_square[58]
rms             net     vec_square[3][9]        vec_square[57]
rms             net     vec_square[3][8]        vec_square[56]
rms             net     vec_square[3][7]        vec_square[55]
rms             net     vec_square[3][6]        vec_square[54]
rms             net     vec_square[3][5]        vec_square[53]
rms             net     vec_square[3][4]        vec_square[52]
rms             net     vec_square[3][3]        vec_square[51]
rms             net     vec_square[3][2]        vec_square[50]
rms             net     vec_square[3][1]        vec_square[49]
rms             net     vec_square[3][0]        vec_square[48]
rms             net     vec_square[2][15]       vec_square[47]
rms             net     vec_square[2][14]       vec_square[46]
rms             net     vec_square[2][13]       vec_square[45]
rms             net     vec_square[2][12]       vec_square[44]
rms             net     vec_square[2][11]       vec_square[43]
rms             net     vec_square[2][10]       vec_square[42]
rms             net     vec_square[2][9]        vec_square[41]
rms             net     vec_square[2][8]        vec_square[40]
rms             net     vec_square[2][7]        vec_square[39]
rms             net     vec_square[2][6]        vec_square[38]
rms             net     vec_square[2][5]        vec_square[37]
rms             net     vec_square[2][4]        vec_square[36]
rms             net     vec_square[2][3]        vec_square[35]
rms             net     vec_square[2][2]        vec_square[34]
rms             net     vec_square[2][1]        vec_square[33]
rms             net     vec_square[2][0]        vec_square[32]
rms             net     vec_square[1][15]       vec_square[31]
rms             net     vec_square[1][14]       vec_square[30]
rms             net     vec_square[1][13]       vec_square[29]
rms             net     vec_square[1][12]       vec_square[28]
rms             net     vec_square[1][11]       vec_square[27]
rms             net     vec_square[1][10]       vec_square[26]
rms             net     vec_square[1][9]        vec_square[25]
rms             net     vec_square[1][8]        vec_square[24]
rms             net     vec_square[1][7]        vec_square[23]
rms             net     vec_square[1][6]        vec_square[22]
rms             net     vec_square[1][5]        vec_square[21]
rms             net     vec_square[1][4]        vec_square[20]
rms             net     vec_square[1][3]        vec_square[19]
rms             net     vec_square[1][2]        vec_square[18]
rms             net     vec_square[1][1]        vec_square[17]
rms             net     vec_square[1][0]        vec_square[16]
rms             net     vec_square[0][15]       vec_square[15]
rms             net     vec_square[0][14]       vec_square[14]
rms             net     vec_square[0][13]       vec_square[13]
rms             net     vec_square[0][12]       vec_square[12]
rms             net     vec_square[0][11]       vec_square[11]
rms             net     vec_square[0][10]       vec_square[10]
rms             net     vec_square[0][9]        vec_square[9]
rms             net     vec_square[0][8]        vec_square[8]
rms             net     vec_square[0][7]        vec_square[7]
rms             net     vec_square[0][6]        vec_square[6]
rms             net     vec_square[0][5]        vec_square[5]
rms             net     vec_square[0][4]        vec_square[4]
rms             net     vec_square[0][3]        vec_square[3]
rms             net     vec_square[0][2]        vec_square[2]
rms             net     vec_square[0][1]        vec_square[1]
rms             net     vec_square[0][0]        vec_square[0]
rms             net     fxp_sqrt0/it_next       fxp_sqrt0_it_next
rms             net     fxp_sqrt0/it_next[3]    fxp_sqrt0_it_next[3]
rms             net     fxp_sqrt0/it_next[2]    fxp_sqrt0_it_next[2]
rms             net     fxp_sqrt0/it_next[1]    fxp_sqrt0_it_next[1]
rms             net     fxp_sqrt0/it_next[0]    fxp_sqrt0_it_next[0]
rms             net     fxp_sqrt0/it            fxp_sqrt0_it
rms             net     fxp_sqrt0/it[3]         fxp_sqrt0_it[3]
rms             net     fxp_sqrt0/it[2]         fxp_sqrt0_it[2]
rms             net     fxp_sqrt0/it[1]         fxp_sqrt0_it[1]
rms             net     fxp_sqrt0/it[0]         fxp_sqrt0_it[0]
rms             net     fxp_sqrt0/ac            fxp_sqrt0_ac
rms             net     fxp_sqrt0/ac[17]        fxp_sqrt0_ac[17]
rms             net     fxp_sqrt0/ac[16]        fxp_sqrt0_ac[16]
rms             net     fxp_sqrt0/ac[15]        fxp_sqrt0_ac[15]
rms             net     fxp_sqrt0/ac[14]        fxp_sqrt0_ac[14]
rms             net     fxp_sqrt0/ac[13]        fxp_sqrt0_ac[13]
rms             net     fxp_sqrt0/ac[12]        fxp_sqrt0_ac[12]
rms             net     fxp_sqrt0/ac[11]        fxp_sqrt0_ac[11]
rms             net     fxp_sqrt0/ac[10]        fxp_sqrt0_ac[10]
rms             net     fxp_sqrt0/ac[9]         fxp_sqrt0_ac[9]
rms             net     fxp_sqrt0/ac[8]         fxp_sqrt0_ac[8]
rms             net     fxp_sqrt0/ac[7]         fxp_sqrt0_ac[7]
rms             net     fxp_sqrt0/ac[6]         fxp_sqrt0_ac[6]
rms             net     fxp_sqrt0/ac[5]         fxp_sqrt0_ac[5]
rms             net     fxp_sqrt0/ac[4]         fxp_sqrt0_ac[4]
rms             net     fxp_sqrt0/ac[3]         fxp_sqrt0_ac[3]
rms             net     fxp_sqrt0/ac[2]         fxp_sqrt0_ac[2]
rms             net     fxp_sqrt0/ac[1]         fxp_sqrt0_ac[1]
rms             net     fxp_sqrt0/ac[0]         fxp_sqrt0_ac[0]
rms             net     fxp_sqrt0/q             fxp_sqrt0_q
rms             net     fxp_sqrt0/q[15]         fxp_sqrt0_q[15]
rms             net     fxp_sqrt0/q[14]         fxp_sqrt0_q[14]
rms             net     fxp_sqrt0/q[13]         fxp_sqrt0_q[13]
rms             net     fxp_sqrt0/q[12]         fxp_sqrt0_q[12]
rms             net     fxp_sqrt0/q[11]         fxp_sqrt0_q[11]
rms             net     fxp_sqrt0/q[10]         fxp_sqrt0_q[10]
rms             net     fxp_sqrt0/q[9]          fxp_sqrt0_q[9]
rms             net     fxp_sqrt0/q[8]          fxp_sqrt0_q[8]
rms             net     fxp_sqrt0/q[7]          fxp_sqrt0_q[7]
rms             net     fxp_sqrt0/q[6]          fxp_sqrt0_q[6]
rms             net     fxp_sqrt0/q[5]          fxp_sqrt0_q[5]
rms             net     fxp_sqrt0/q[4]          fxp_sqrt0_q[4]
rms             net     fxp_sqrt0/q[3]          fxp_sqrt0_q[3]
rms             net     fxp_sqrt0/q[2]          fxp_sqrt0_q[2]
rms             net     fxp_sqrt0/q[1]          fxp_sqrt0_q[1]
rms             net     fxp_sqrt0/q[0]          fxp_sqrt0_q[0]
rms             net     fxp_sqrt0/x             fxp_sqrt0_x
rms             net     fxp_sqrt0/x[15]         fxp_sqrt0_x[15]
rms             net     fxp_sqrt0/x[14]         fxp_sqrt0_x[14]
rms             net     fxp_sqrt0/x[13]         fxp_sqrt0_x[13]
rms             net     fxp_sqrt0/x[12]         fxp_sqrt0_x[12]
rms             net     fxp_sqrt0/x[11]         fxp_sqrt0_x[11]
rms             net     fxp_sqrt0/x[10]         fxp_sqrt0_x[10]
rms             net     fxp_sqrt0/x[9]          fxp_sqrt0_x[9]
rms             net     fxp_sqrt0/x[8]          fxp_sqrt0_x[8]
rms             net     fxp_sqrt0/x[7]          fxp_sqrt0_x[7]
rms             net     fxp_sqrt0/x[6]          fxp_sqrt0_x[6]
rms             net     fxp_sqrt0/x[5]          fxp_sqrt0_x[5]
rms             net     fxp_sqrt0/x[4]          fxp_sqrt0_x[4]
rms             net     fxp_sqrt0/x[3]          fxp_sqrt0_x[3]
rms             net     fxp_sqrt0/x[2]          fxp_sqrt0_x[2]
rms             net     fxp_sqrt0/N158          fxp_sqrt0_N158
rms             net     fxp_sqrt0/N157          fxp_sqrt0_N157
rms             net     fxp_sqrt0/N156          fxp_sqrt0_N156
rms             net     fxp_sqrt0/N155          fxp_sqrt0_N155
rms             net     fxp_sqrt0/N154          fxp_sqrt0_N154
rms             net     fxp_sqrt0/N153          fxp_sqrt0_N153
rms             net     fxp_sqrt0/N152          fxp_sqrt0_N152
rms             net     fxp_sqrt0/N151          fxp_sqrt0_N151
rms             net     fxp_sqrt0/N150          fxp_sqrt0_N150
rms             net     fxp_sqrt0/N149          fxp_sqrt0_N149
rms             net     fxp_sqrt0/N148          fxp_sqrt0_N148
rms             net     fxp_sqrt0/N147          fxp_sqrt0_N147
rms             net     fxp_sqrt0/N146          fxp_sqrt0_N146
rms             net     fxp_sqrt0/N145          fxp_sqrt0_N145
rms             net     fxp_sqrt0/N144          fxp_sqrt0_N144
rms             net     fxp_sqrt0/N143          fxp_sqrt0_N143
rms             net     fxp_sqrt0/N142          fxp_sqrt0_N142
rms             net     fxp_sqrt0/N141          fxp_sqrt0_N141
rms             net     fxp_sqrt0/N140          fxp_sqrt0_N140
rms             net     fxp_sqrt0/N139          fxp_sqrt0_N139
rms             net     fxp_sqrt0/N138          fxp_sqrt0_N138
rms             net     fxp_sqrt0/N137          fxp_sqrt0_N137
rms             net     fxp_sqrt0/N136          fxp_sqrt0_N136
rms             net     fxp_sqrt0/N135          fxp_sqrt0_N135
rms             net     fxp_sqrt0/N134          fxp_sqrt0_N134
rms             net     fxp_sqrt0/N133          fxp_sqrt0_N133
rms             net     fxp_sqrt0/N132          fxp_sqrt0_N132
rms             net     fxp_sqrt0/N131          fxp_sqrt0_N131
rms             net     fxp_sqrt0/N130          fxp_sqrt0_N130
rms             net     fxp_sqrt0/N129          fxp_sqrt0_N129
rms             net     fxp_sqrt0/N128          fxp_sqrt0_N128
rms             net     fxp_sqrt0/N127          fxp_sqrt0_N127
rms             net     fxp_sqrt0/N126          fxp_sqrt0_N126
rms             net     fxp_sqrt0/N125          fxp_sqrt0_N125
rms             net     fxp_sqrt0/N124          fxp_sqrt0_N124
rms             net     fxp_sqrt0/N123          fxp_sqrt0_N123
rms             net     fxp_sqrt0/N122          fxp_sqrt0_N122
rms             net     fxp_sqrt0/N120          fxp_sqrt0_N120
rms             net     fxp_sqrt0/N119          fxp_sqrt0_N119
rms             net     fxp_sqrt0/N118          fxp_sqrt0_N118
rms             net     fxp_sqrt0/N117          fxp_sqrt0_N117
rms             net     fxp_sqrt0/N116          fxp_sqrt0_N116
rms             net     fxp_sqrt0/N115          fxp_sqrt0_N115
rms             net     fxp_sqrt0/N114          fxp_sqrt0_N114
rms             net     fxp_sqrt0/N113          fxp_sqrt0_N113
rms             net     fxp_sqrt0/N112          fxp_sqrt0_N112
rms             net     fxp_sqrt0/N111          fxp_sqrt0_N111
rms             net     fxp_sqrt0/N110          fxp_sqrt0_N110
rms             net     fxp_sqrt0/N109          fxp_sqrt0_N109
rms             net     fxp_sqrt0/N108          fxp_sqrt0_N108
rms             net     fxp_sqrt0/N107          fxp_sqrt0_N107
rms             net     fxp_sqrt0/N69           fxp_sqrt0_N69
rms             net     fxp_sqrt0/N68           fxp_sqrt0_N68
rms             net     fxp_sqrt0/N67           fxp_sqrt0_N67
rms             net     fxp_sqrt0/N66           fxp_sqrt0_N66
rms             net     fxp_sqrt0/busy          fxp_sqrt0_busy
1
